---
source: src/language/javascript.rs
expression: symbols
---
[
  {
    "name": "hello",
    "kind": "function",
    "source_range": {
      "byte_start": 0,
      "byte_end": 40,
      "start": {
        "line": 0,
        "column": 0
      },
      "end": {
        "line": 2,
        "column": 1
      }
    },
    "visibility": null,
    "signature": "()",
    "docstring": null,
    "is_async": false
  },
  {
    "name": "fetchData",
    "kind": "function",
    "source_range": {
      "byte_start": 42,
      "byte_end": 142,
      "start": {
        "line": 4,
        "column": 0
      },
      "end": {
        "line": 7,
        "column": 1
      }
    },
    "visibility": null,
    "signature": "(url)",
    "docstring": null,
    "is_async": true
  },
  {
    "name": "compute",
    "kind": "function",
    "source_range": {
      "byte_start": 150,
      "byte_end": 196,
      "start": {
        "line": 9,
        "column": 6
      },
      "end": {
        "line": 11,
        "column": 1
      }
    },
    "visibility": null,
    "signature": "(x, y)",
    "docstring": null,
    "is_async": false
  },
  {
    "name": "greet",
    "kind": "function",
    "source_range": {
      "byte_start": 205,
      "byte_end": 239,
      "start": {
        "line": 13,
        "column": 6
      },
      "end": {
        "line": 13,
        "column": 40
      }
    },
    "visibility": null,
    "signature": "(name)",
    "docstring": null,
    "is_async": false
  }
]
