---
source: src/language/tsx.rs
expression: symbols
---
[
  {
    "name": "Props",
    "kind": "interface",
    "source_range": {
      "byte_start": 28,
      "byte_end": 82,
      "start": {
        "line": 2,
        "column": 0
      },
      "end": {
        "line": 5,
        "column": 1
      }
    },
    "name_range": {
      "byte_start": 38,
      "byte_end": 43,
      "start": {
        "line": 2,
        "column": 10
      },
      "end": {
        "line": 2,
        "column": 15
      }
    },
    "visibility": null,
    "signature": null,
    "docstring": null,
    "is_async": false
  },
  {
    "name": "Greeting",
    "kind": "function",
    "source_range": {
      "byte_start": 84,
      "byte_end": 176,
      "start": {
        "line": 7,
        "column": 0
      },
      "end": {
        "line": 9,
        "column": 1
      }
    },
    "name_range": {
      "byte_start": 93,
      "byte_end": 101,
      "start": {
        "line": 7,
        "column": 9
      },
      "end": {
        "line": 7,
        "column": 17
      }
    },
    "visibility": null,
    "signature": "(props: Props)",
    "docstring": null,
    "is_async": false
  },
  {
    "name": "Welcome",
    "kind": "function",
    "source_range": {
      "byte_start": 184,
      "byte_end": 271,
      "start": {
        "line": 11,
        "column": 6
      },
      "end": {
        "line": 13,
        "column": 1
      }
    },
    "name_range": {
      "byte_start": 184,
      "byte_end": 191,
      "start": {
        "line": 11,
        "column": 6
      },
      "end": {
        "line": 11,
        "column": 13
      }
    },
    "visibility": null,
    "signature": "(props)",
    "docstring": null,
    "is_async": false
  },
  {
    "name": "App",
    "kind": "class",
    "source_range": {
      "byte_start": 281,
      "byte_end": 419,
      "start": {
        "line": 15,
        "column": 7
      },
      "end": {
        "line": 19,
        "column": 1
      }
    },
    "name_range": {
      "byte_start": 287,
      "byte_end": 290,
      "start": {
        "line": 15,
        "column": 13
      },
      "end": {
        "line": 15,
        "column": 16
      }
    },
    "visibility": "public",
    "signature": null,
    "docstring": null,
    "is_async": false
  },
  {
    "name": "render",
    "kind": "method",
    "source_range": {
      "byte_start": 328,
      "byte_end": 417,
      "start": {
        "line": 16,
        "column": 4
      },
      "end": {
        "line": 18,
        "column": 5
      }
    },
    "name_range": {
      "byte_start": 328,
      "byte_end": 334,
      "start": {
        "line": 16,
        "column": 4
      },
      "end": {
        "line": 16,
        "column": 10
      }
    },
    "visibility": "public",
    "signature": "()",
    "docstring": null,
    "is_async": false
  }
]
