---
source: src/language/javascript.rs
expression: symbols
---
[
  {
    "name": "hello",
    "kind": "function",
    "source_range": {
      "byte_start": 0,
      "byte_end": 40,
      "start": {
        "line": 0,
        "column": 0
      },
      "end": {
        "line": 2,
        "column": 1
      }
    },
    "name_range": {
      "byte_start": 9,
      "byte_end": 14,
      "start": {
        "line": 0,
        "column": 9
      },
      "end": {
        "line": 0,
        "column": 14
      }
    },
    "visibility": null,
    "signature": "()",
    "docstring": null,
    "is_async": false
  },
  {
    "name": "fetchData",
    "kind": "function",
    "source_range": {
      "byte_start": 42,
      "byte_end": 142,
      "start": {
        "line": 4,
        "column": 0
      },
      "end": {
        "line": 7,
        "column": 1
      }
    },
    "name_range": {
      "byte_start": 57,
      "byte_end": 66,
      "start": {
        "line": 4,
        "column": 15
      },
      "end": {
        "line": 4,
        "column": 24
      }
    },
    "visibility": null,
    "signature": "(url)",
    "docstring": null,
    "is_async": true
  },
  {
    "name": "compute",
    "kind": "function",
    "source_range": {
      "byte_start": 150,
      "byte_end": 175,
      "start": {
        "line": 9,
        "column": 6
      },
      "end": {
        "line": 9,
        "column": 31
      }
    },
    "name_range": {
      "byte_start": 150,
      "byte_end": 157,
      "start": {
        "line": 9,
        "column": 6
      },
      "end": {
        "line": 9,
        "column": 13
      }
    },
    "visibility": null,
    "signature": "(x, y)",
    "docstring": null,
    "is_async": false
  },
  {
    "name": "greet",
    "kind": "function",
    "source_range": {
      "byte_start": 184,
      "byte_end": 218,
      "start": {
        "line": 11,
        "column": 6
      },
      "end": {
        "line": 11,
        "column": 40
      }
    },
    "name_range": {
      "byte_start": 184,
      "byte_end": 189,
      "start": {
        "line": 11,
        "column": 6
      },
      "end": {
        "line": 11,
        "column": 11
      }
    },
    "visibility": null,
    "signature": "(name)",
    "docstring": null,
    "is_async": false
  },
  {
    "name": "demo",
    "kind": "function",
    "source_range": {
      "byte_start": 228,
      "byte_end": 354,
      "start": {
        "line": 13,
        "column": 7
      },
      "end": {
        "line": 16,
        "column": 1
      }
    },
    "name_range": {
      "byte_start": 243,
      "byte_end": 247,
      "start": {
        "line": 13,
        "column": 22
      },
      "end": {
        "line": 13,
        "column": 26
      }
    },
    "visibility": "public",
    "signature": "(url)",
    "docstring": null,
    "is_async": true
  }
]
