---
source: src/language/typescript.rs
expression: symbols
---
[
  {
    "name": "Shape",
    "kind": "interface",
    "source_range": {
      "byte_start": 0,
      "byte_end": 64,
      "start": {
        "line": 0,
        "column": 0
      },
      "end": {
        "line": 3,
        "column": 1
      }
    },
    "name_range": {
      "byte_start": 10,
      "byte_end": 15,
      "start": {
        "line": 0,
        "column": 10
      },
      "end": {
        "line": 0,
        "column": 15
      }
    },
    "visibility": null,
    "signature": null,
    "docstring": null,
    "is_async": false
  },
  {
    "name": "Color",
    "kind": "interface",
    "source_range": {
      "byte_start": 66,
      "byte_end": 121,
      "start": {
        "line": 5,
        "column": 0
      },
      "end": {
        "line": 8,
        "column": 1
      }
    },
    "name_range": {
      "byte_start": 76,
      "byte_end": 81,
      "start": {
        "line": 5,
        "column": 10
      },
      "end": {
        "line": 5,
        "column": 15
      }
    },
    "visibility": null,
    "signature": null,
    "docstring": null,
    "is_async": false
  },
  {
    "name": "Point",
    "kind": "type_alias",
    "source_range": {
      "byte_start": 123,
      "byte_end": 170,
      "start": {
        "line": 10,
        "column": 0
      },
      "end": {
        "line": 13,
        "column": 2
      }
    },
    "name_range": {
      "byte_start": 128,
      "byte_end": 133,
      "start": {
        "line": 10,
        "column": 5
      },
      "end": {
        "line": 10,
        "column": 10
      }
    },
    "visibility": null,
    "signature": null,
    "docstring": null,
    "is_async": false
  },
  {
    "name": "Vector",
    "kind": "type_alias",
    "source_range": {
      "byte_start": 172,
      "byte_end": 208,
      "start": {
        "line": 15,
        "column": 0
      },
      "end": {
        "line": 15,
        "column": 36
      }
    },
    "name_range": {
      "byte_start": 177,
      "byte_end": 183,
      "start": {
        "line": 15,
        "column": 5
      },
      "end": {
        "line": 15,
        "column": 11
      }
    },
    "visibility": null,
    "signature": null,
    "docstring": null,
    "is_async": false
  },
  {
    "name": "Direction",
    "kind": "enum",
    "source_range": {
      "byte_start": 210,
      "byte_end": 302,
      "start": {
        "line": 17,
        "column": 0
      },
      "end": {
        "line": 22,
        "column": 1
      }
    },
    "name_range": {
      "byte_start": 215,
      "byte_end": 224,
      "start": {
        "line": 17,
        "column": 5
      },
      "end": {
        "line": 17,
        "column": 14
      }
    },
    "visibility": null,
    "signature": null,
    "docstring": null,
    "is_async": false
  },
  {
    "name": "Circle",
    "kind": "class",
    "source_range": {
      "byte_start": 304,
      "byte_end": 534,
      "start": {
        "line": 24,
        "column": 0
      },
      "end": {
        "line": 34,
        "column": 1
      }
    },
    "name_range": {
      "byte_start": 310,
      "byte_end": 316,
      "start": {
        "line": 24,
        "column": 6
      },
      "end": {
        "line": 24,
        "column": 12
      }
    },
    "visibility": null,
    "signature": null,
    "docstring": null,
    "is_async": false
  },
  {
    "name": "constructor",
    "kind": "method",
    "source_range": {
      "byte_start": 340,
      "byte_end": 377,
      "start": {
        "line": 25,
        "column": 4
      },
      "end": {
        "line": 25,
        "column": 41
      }
    },
    "name_range": {
      "byte_start": 340,
      "byte_end": 351,
      "start": {
        "line": 25,
        "column": 4
      },
      "end": {
        "line": 25,
        "column": 15
      }
    },
    "visibility": null,
    "signature": "(public radius: number)",
    "docstring": null,
    "is_async": false
  },
  {
    "name": "area",
    "kind": "method",
    "source_range": {
      "byte_start": 383,
      "byte_end": 457,
      "start": {
        "line": 27,
        "column": 4
      },
      "end": {
        "line": 29,
        "column": 5
      }
    },
    "name_range": {
      "byte_start": 383,
      "byte_end": 387,
      "start": {
        "line": 27,
        "column": 4
      },
      "end": {
        "line": 27,
        "column": 8
      }
    },
    "visibility": null,
    "signature": "()",
    "docstring": null,
    "is_async": false
  },
  {
    "name": "perimeter",
    "kind": "method",
    "source_range": {
      "byte_start": 463,
      "byte_end": 532,
      "start": {
        "line": 31,
        "column": 4
      },
      "end": {
        "line": 33,
        "column": 5
      }
    },
    "name_range": {
      "byte_start": 463,
      "byte_end": 472,
      "start": {
        "line": 31,
        "column": 4
      },
      "end": {
        "line": 31,
        "column": 13
      }
    },
    "visibility": null,
    "signature": "()",
    "docstring": null,
    "is_async": false
  }
]
