---
source: tests/integration/inspect_output_test.rs
expression: output
---
{
  "funcs": [
    {
      "name": "decorator",
      "source_range": {
        "byte_start": 19,
        "byte_end": 157,
        "start": {
          "line": 3,
          "column": 0
        },
        "end": {
          "line": 8,
          "column": 18
        }
      },
      "visibility": null,
      "signature": "(func)",
      "docstring": null,
      "async": false
    },
    {
      "name": "decorated_func",
      "source_range": {
        "byte_start": 171,
        "byte_end": 210,
        "start": {
          "line": 12,
          "column": 0
        },
        "end": {
          "line": 13,
          "column": 16
        }
      },
      "visibility": null,
      "signature": "(x)",
      "docstring": null,
      "async": false
    },
    {
      "name": "valid_function",
      "source_range": {
        "byte_start": 0,
        "byte_end": 30,
        "start": {
          "line": 0,
          "column": 0
        },
        "end": {
          "line": 1,
          "column": 8
        }
      },
      "visibility": null,
      "signature": "()",
      "docstring": null,
      "async": false
    },
    {
      "name": "another_valid",
      "source_range": {
        "byte_start": 92,
        "byte_end": 126,
        "start": {
          "line": 6,
          "column": 0
        },
        "end": {
          "line": 7,
          "column": 13
        }
      },
      "visibility": null,
      "signature": "()",
      "docstring": null,
      "async": false
    },
    {
      "name": "hello",
      "source_range": {
        "byte_start": 0,
        "byte_end": 21,
        "start": {
          "line": 0,
          "column": 0
        },
        "end": {
          "line": 1,
          "column": 8
        }
      },
      "visibility": null,
      "signature": "()",
      "docstring": null,
      "async": false
    },
    {
      "name": "greet",
      "source_range": {
        "byte_start": 24,
        "byte_end": 68,
        "start": {
          "line": 4,
          "column": 0
        },
        "end": {
          "line": 5,
          "column": 27
        }
      },
      "visibility": null,
      "signature": "(name)",
      "docstring": null,
      "async": false
    },
    {
      "name": "fetch_data",
      "source_range": {
        "byte_start": 71,
        "byte_end": 106,
        "start": {
          "line": 8,
          "column": 0
        },
        "end": {
          "line": 9,
          "column": 8
        }
      },
      "visibility": null,
      "signature": "(url)",
      "docstring": null,
      "async": true
    },
    {
      "name": "add",
      "source_range": {
        "byte_start": 109,
        "byte_end": 157,
        "start": {
          "line": 12,
          "column": 0
        },
        "end": {
          "line": 13,
          "column": 16
        }
      },
      "visibility": null,
      "signature": "(a: int, b: int)",
      "docstring": null,
      "async": false
    }
  ],
  "classes": [
    {
      "name": "Service",
      "source_range": {
        "byte_start": 213,
        "byte_end": 287,
        "start": {
          "line": 16,
          "column": 0
        },
        "end": {
          "line": 19,
          "column": 12
        }
      },
      "visibility": null,
      "signature": null,
      "docstring": null
    },
    {
      "name": "Animal",
      "source_range": {
        "byte_start": 0,
        "byte_end": 175,
        "start": {
          "line": 0,
          "column": 0
        },
        "end": {
          "line": 10,
          "column": 12
        }
      },
      "visibility": null,
      "signature": null,
      "docstring": "A base animal class."
    },
    {
      "name": "Dog",
      "source_range": {
        "byte_start": 178,
        "byte_end": 240,
        "start": {
          "line": 13,
          "column": 0
        },
        "end": {
          "line": 15,
          "column": 22
        }
      },
      "visibility": null,
      "signature": null,
      "docstring": null
    }
  ],
  "objects": []
}
