---
source: tests/integration/inspect_output_test.rs
assertion_line: 72
expression: output
---
{
  "funcs": [
    {
      "name": "add",
      "source_range": {
        "byte_start": 20,
        "byte_end": 63,
        "start": {
          "line": 2,
          "column": 0
        },
        "end": {
          "line": 4,
          "column": 1
        }
      },
      "visibility": null,
      "signature": "(int a, int b)",
      "docstring": null,
      "async": false
    },
    {
      "name": "print_hello",
      "source_range": {
        "byte_start": 65,
        "byte_end": 122,
        "start": {
          "line": 6,
          "column": 0
        },
        "end": {
          "line": 8,
          "column": 1
        }
      },
      "visibility": null,
      "signature": "(void)",
      "docstring": null,
      "async": false
    },
    {
      "name": "get_counter",
      "source_range": {
        "byte_start": 149,
        "byte_end": 194,
        "start": {
          "line": 12,
          "column": 0
        },
        "end": {
          "line": 14,
          "column": 1
        }
      },
      "visibility": null,
      "signature": "(void)",
      "docstring": null,
      "async": false
    },
    {
      "name": "distance",
      "source_range": {
        "byte_start": 116,
        "byte_end": 231,
        "start": {
          "line": 13,
          "column": 0
        },
        "end": {
          "line": 17,
          "column": 1
        }
      },
      "visibility": null,
      "signature": "(Point a, Point b)",
      "docstring": null,
      "async": false
    },
    {
      "name": "Animal",
      "source_range": {
        "byte_start": 46,
        "byte_end": 87,
        "start": {
          "line": 4,
          "column": 4
        },
        "end": {
          "line": 4,
          "column": 45
        }
      },
      "visibility": null,
      "signature": "(std::string name)",
      "docstring": null,
      "async": false
    },
    {
      "name": "speak",
      "source_range": {
        "byte_start": 126,
        "byte_end": 171,
        "start": {
          "line": 7,
          "column": 4
        },
        "end": {
          "line": 7,
          "column": 49
        }
      },
      "visibility": null,
      "signature": "()",
      "docstring": null,
      "async": false
    },
    {
      "name": "get_name",
      "source_range": {
        "byte_start": 176,
        "byte_end": 216,
        "start": {
          "line": 8,
          "column": 4
        },
        "end": {
          "line": 8,
          "column": 44
        }
      },
      "visibility": null,
      "signature": "()",
      "docstring": null,
      "async": false
    },
    {
      "name": "Dog",
      "source_range": {
        "byte_start": 294,
        "byte_end": 333,
        "start": {
          "line": 16,
          "column": 4
        },
        "end": {
          "line": 16,
          "column": 43
        }
      },
      "visibility": null,
      "signature": "(std::string name)",
      "docstring": null,
      "async": false
    },
    {
      "name": "speak",
      "source_range": {
        "byte_start": 339,
        "byte_end": 387,
        "start": {
          "line": 18,
          "column": 4
        },
        "end": {
          "line": 18,
          "column": 52
        }
      },
      "visibility": null,
      "signature": "()",
      "docstring": null,
      "async": false
    },
    {
      "name": "pi",
      "source_range": {
        "byte_start": 21,
        "byte_end": 52,
        "start": {
          "line": 1,
          "column": 4
        },
        "end": {
          "line": 1,
          "column": 35
        }
      },
      "visibility": null,
      "signature": "()",
      "docstring": null,
      "async": false
    },
    {
      "name": "square",
      "source_range": {
        "byte_start": 58,
        "byte_end": 99,
        "start": {
          "line": 3,
          "column": 4
        },
        "end": {
          "line": 3,
          "column": 45
        }
      },
      "visibility": null,
      "signature": "(double x)",
      "docstring": null,
      "async": false
    },
    {
      "name": "max",
      "source_range": {
        "byte_start": 150,
        "byte_end": 203,
        "start": {
          "line": 8,
          "column": 4
        },
        "end": {
          "line": 10,
          "column": 5
        }
      },
      "visibility": null,
      "signature": "(T a, T b)",
      "docstring": null,
      "async": false
    },
    {
      "name": "Hello",
      "source_range": {
        "byte_start": 14,
        "byte_end": 30,
        "start": {
          "line": 2,
          "column": 0
        },
        "end": {
          "line": 3,
          "column": 1
        }
      },
      "visibility": null,
      "signature": "()",
      "docstring": null,
      "async": false
    },
    {
      "name": "add",
      "source_range": {
        "byte_start": 32,
        "byte_end": 76,
        "start": {
          "line": 5,
          "column": 0
        },
        "end": {
          "line": 7,
          "column": 1
        }
      },
      "visibility": null,
      "signature": "(a int, b int)",
      "docstring": null,
      "async": false
    },
    {
      "name": "Area",
      "source_range": {
        "byte_start": 73,
        "byte_end": 138,
        "start": {
          "line": 7,
          "column": 0
        },
        "end": {
          "line": 9,
          "column": 1
        }
      },
      "visibility": null,
      "signature": "()",
      "docstring": null,
      "async": false
    },
    {
      "name": "Perimeter",
      "source_range": {
        "byte_start": 140,
        "byte_end": 215,
        "start": {
          "line": 11,
          "column": 0
        },
        "end": {
          "line": 13,
          "column": 1
        }
      },
      "visibility": null,
      "signature": "()",
      "docstring": null,
      "async": false
    },
    {
      "name": "constructor",
      "source_range": {
        "byte_start": 19,
        "byte_end": 70,
        "start": {
          "line": 1,
          "column": 4
        },
        "end": {
          "line": 3,
          "column": 5
        }
      },
      "visibility": null,
      "signature": "(name)",
      "docstring": null,
      "async": false
    },
    {
      "name": "speak",
      "source_range": {
        "byte_start": 76,
        "byte_end": 120,
        "start": {
          "line": 5,
          "column": 4
        },
        "end": {
          "line": 7,
          "column": 5
        }
      },
      "visibility": null,
      "signature": "()",
      "docstring": null,
      "async": false
    },
    {
      "name": "move",
      "source_range": {
        "byte_start": 126,
        "byte_end": 180,
        "start": {
          "line": 9,
          "column": 4
        },
        "end": {
          "line": 11,
          "column": 5
        }
      },
      "visibility": null,
      "signature": "()",
      "docstring": null,
      "async": true
    },
    {
      "name": "speak",
      "source_range": {
        "byte_start": 215,
        "byte_end": 254,
        "start": {
          "line": 15,
          "column": 4
        },
        "end": {
          "line": 17,
          "column": 5
        }
      },
      "visibility": null,
      "signature": "()",
      "docstring": null,
      "async": false
    },
    {
      "name": "process",
      "source_range": {
        "byte_start": 285,
        "byte_end": 327,
        "start": {
          "line": 21,
          "column": 4
        },
        "end": {
          "line": 23,
          "column": 5
        }
      },
      "visibility": "Public",
      "signature": "(data)",
      "docstring": null,
      "async": false
    },
    {
      "name": "hello",
      "source_range": {
        "byte_start": 0,
        "byte_end": 40,
        "start": {
          "line": 0,
          "column": 0
        },
        "end": {
          "line": 2,
          "column": 1
        }
      },
      "visibility": null,
      "signature": "()",
      "docstring": null,
      "async": false
    },
    {
      "name": "fetchData",
      "source_range": {
        "byte_start": 42,
        "byte_end": 142,
        "start": {
          "line": 4,
          "column": 0
        },
        "end": {
          "line": 7,
          "column": 1
        }
      },
      "visibility": null,
      "signature": "(url)",
      "docstring": null,
      "async": true
    },
    {
      "name": "decorator",
      "source_range": {
        "byte_start": 19,
        "byte_end": 157,
        "start": {
          "line": 3,
          "column": 0
        },
        "end": {
          "line": 8,
          "column": 18
        }
      },
      "visibility": null,
      "signature": "(func)",
      "docstring": null,
      "async": false
    },
    {
      "name": "decorated_func",
      "source_range": {
        "byte_start": 171,
        "byte_end": 210,
        "start": {
          "line": 12,
          "column": 0
        },
        "end": {
          "line": 13,
          "column": 16
        }
      },
      "visibility": null,
      "signature": "(x)",
      "docstring": null,
      "async": false
    },
    {
      "name": "valid_function",
      "source_range": {
        "byte_start": 0,
        "byte_end": 30,
        "start": {
          "line": 0,
          "column": 0
        },
        "end": {
          "line": 1,
          "column": 8
        }
      },
      "visibility": null,
      "signature": "()",
      "docstring": null,
      "async": false
    },
    {
      "name": "another_valid",
      "source_range": {
        "byte_start": 92,
        "byte_end": 126,
        "start": {
          "line": 6,
          "column": 0
        },
        "end": {
          "line": 7,
          "column": 13
        }
      },
      "visibility": null,
      "signature": "()",
      "docstring": null,
      "async": false
    },
    {
      "name": "hello",
      "source_range": {
        "byte_start": 0,
        "byte_end": 21,
        "start": {
          "line": 0,
          "column": 0
        },
        "end": {
          "line": 1,
          "column": 8
        }
      },
      "visibility": null,
      "signature": "()",
      "docstring": null,
      "async": false
    },
    {
      "name": "greet",
      "source_range": {
        "byte_start": 24,
        "byte_end": 68,
        "start": {
          "line": 4,
          "column": 0
        },
        "end": {
          "line": 5,
          "column": 27
        }
      },
      "visibility": null,
      "signature": "(name)",
      "docstring": null,
      "async": false
    },
    {
      "name": "fetch_data",
      "source_range": {
        "byte_start": 71,
        "byte_end": 106,
        "start": {
          "line": 8,
          "column": 0
        },
        "end": {
          "line": 9,
          "column": 8
        }
      },
      "visibility": null,
      "signature": "(url)",
      "docstring": null,
      "async": true
    },
    {
      "name": "add",
      "source_range": {
        "byte_start": 109,
        "byte_end": 157,
        "start": {
          "line": 12,
          "column": 0
        },
        "end": {
          "line": 13,
          "column": 16
        }
      },
      "visibility": null,
      "signature": "(a: int, b: int)",
      "docstring": null,
      "async": false
    },
    {
      "name": "hello",
      "source_range": {
        "byte_start": 0,
        "byte_end": 41,
        "start": {
          "line": 0,
          "column": 0
        },
        "end": {
          "line": 2,
          "column": 1
        }
      },
      "visibility": "Public",
      "signature": "()",
      "docstring": null,
      "async": false
    },
    {
      "name": "add",
      "source_range": {
        "byte_start": 43,
        "byte_end": 86,
        "start": {
          "line": 4,
          "column": 0
        },
        "end": {
          "line": 6,
          "column": 1
        }
      },
      "visibility": null,
      "signature": "(a: i32, b: i32)",
      "docstring": null,
      "async": false
    },
    {
      "name": "fetch_data",
      "source_range": {
        "byte_start": 88,
        "byte_end": 154,
        "start": {
          "line": 8,
          "column": 0
        },
        "end": {
          "line": 10,
          "column": 1
        }
      },
      "visibility": "Public",
      "signature": "(url: &str)",
      "docstring": null,
      "async": true
    },
    {
      "name": "new",
      "source_range": {
        "byte_start": 178,
        "byte_end": 242,
        "start": {
          "line": 17,
          "column": 4
        },
        "end": {
          "line": 19,
          "column": 5
        }
      },
      "visibility": "Public",
      "signature": "(x: f64, y: f64)",
      "docstring": null,
      "async": false
    },
    {
      "name": "area",
      "source_range": {
        "byte_start": 273,
        "byte_end": 314,
        "start": {
          "line": 23,
          "column": 4
        },
        "end": {
          "line": 25,
          "column": 5
        }
      },
      "visibility": null,
      "signature": "(&self)",
      "docstring": null,
      "async": false
    },
    {
      "name": "Greeting",
      "source_range": {
        "byte_start": 84,
        "byte_end": 176,
        "start": {
          "line": 7,
          "column": 0
        },
        "end": {
          "line": 9,
          "column": 1
        }
      },
      "visibility": null,
      "signature": "(props: Props)",
      "docstring": null,
      "async": false
    },
    {
      "name": "render",
      "source_range": {
        "byte_start": 328,
        "byte_end": 417,
        "start": {
          "line": 16,
          "column": 4
        },
        "end": {
          "line": 18,
          "column": 5
        }
      },
      "visibility": "Public",
      "signature": "()",
      "docstring": null,
      "async": false
    },
    {
      "name": "constructor",
      "source_range": {
        "byte_start": 340,
        "byte_end": 377,
        "start": {
          "line": 25,
          "column": 4
        },
        "end": {
          "line": 25,
          "column": 41
        }
      },
      "visibility": null,
      "signature": "(public radius: number)",
      "docstring": null,
      "async": false
    },
    {
      "name": "area",
      "source_range": {
        "byte_start": 383,
        "byte_end": 457,
        "start": {
          "line": 27,
          "column": 4
        },
        "end": {
          "line": 29,
          "column": 5
        }
      },
      "visibility": null,
      "signature": "()",
      "docstring": null,
      "async": false
    },
    {
      "name": "perimeter",
      "source_range": {
        "byte_start": 463,
        "byte_end": 532,
        "start": {
          "line": 31,
          "column": 4
        },
        "end": {
          "line": 33,
          "column": 5
        }
      },
      "visibility": null,
      "signature": "()",
      "docstring": null,
      "async": false
    }
  ],
  "classes": [
    {
      "name": "Point",
      "source_range": {
        "byte_start": 0,
        "byte_end": 38,
        "start": {
          "line": 0,
          "column": 0
        },
        "end": {
          "line": 3,
          "column": 1
        }
      },
      "visibility": null,
      "signature": null,
      "docstring": null
    },
    {
      "name": "Color",
      "source_range": {
        "byte_start": 41,
        "byte_end": 84,
        "start": {
          "line": 5,
          "column": 0
        },
        "end": {
          "line": 9,
          "column": 1
        }
      },
      "visibility": null,
      "signature": null,
      "docstring": null
    },
    {
      "name": "Animal",
      "source_range": {
        "byte_start": 19,
        "byte_end": 251,
        "start": {
          "line": 2,
          "column": 0
        },
        "end": {
          "line": 12,
          "column": 1
        }
      },
      "visibility": null,
      "signature": null,
      "docstring": null
    },
    {
      "name": "Dog",
      "source_range": {
        "byte_start": 254,
        "byte_end": 389,
        "start": {
          "line": 14,
          "column": 0
        },
        "end": {
          "line": 19,
          "column": 1
        }
      },
      "visibility": null,
      "signature": null,
      "docstring": null
    },
    {
      "name": "Rectangle",
      "source_range": {
        "byte_start": 14,
        "byte_end": 71,
        "start": {
          "line": 2,
          "column": 0
        },
        "end": {
          "line": 5,
          "column": 1
        }
      },
      "visibility": null,
      "signature": null,
      "docstring": null
    },
    {
      "name": "Describer",
      "source_range": {
        "byte_start": 217,
        "byte_end": 264,
        "start": {
          "line": 15,
          "column": 0
        },
        "end": {
          "line": 17,
          "column": 1
        }
      },
      "visibility": null,
      "signature": null,
      "docstring": null
    },
    {
      "name": "Animal",
      "source_range": {
        "byte_start": 0,
        "byte_end": 182,
        "start": {
          "line": 0,
          "column": 0
        },
        "end": {
          "line": 12,
          "column": 1
        }
      },
      "visibility": null,
      "signature": null,
      "docstring": null
    },
    {
      "name": "Dog",
      "source_range": {
        "byte_start": 184,
        "byte_end": 256,
        "start": {
          "line": 14,
          "column": 0
        },
        "end": {
          "line": 18,
          "column": 1
        }
      },
      "visibility": null,
      "signature": null,
      "docstring": null
    },
    {
      "name": "Service",
      "source_range": {
        "byte_start": 265,
        "byte_end": 329,
        "start": {
          "line": 20,
          "column": 7
        },
        "end": {
          "line": 24,
          "column": 1
        }
      },
      "visibility": "Public",
      "signature": null,
      "docstring": null
    },
    {
      "name": "Service",
      "source_range": {
        "byte_start": 213,
        "byte_end": 287,
        "start": {
          "line": 16,
          "column": 0
        },
        "end": {
          "line": 19,
          "column": 12
        }
      },
      "visibility": null,
      "signature": null,
      "docstring": null
    },
    {
      "name": "Animal",
      "source_range": {
        "byte_start": 0,
        "byte_end": 175,
        "start": {
          "line": 0,
          "column": 0
        },
        "end": {
          "line": 10,
          "column": 12
        }
      },
      "visibility": null,
      "signature": null,
      "docstring": "A base animal class."
    },
    {
      "name": "Dog",
      "source_range": {
        "byte_start": 178,
        "byte_end": 240,
        "start": {
          "line": 13,
          "column": 0
        },
        "end": {
          "line": 15,
          "column": 22
        }
      },
      "visibility": null,
      "signature": null,
      "docstring": null
    },
    {
      "name": "Point",
      "source_range": {
        "byte_start": 0,
        "byte_end": 52,
        "start": {
          "line": 0,
          "column": 0
        },
        "end": {
          "line": 3,
          "column": 1
        }
      },
      "visibility": "Public",
      "signature": null,
      "docstring": null
    },
    {
      "name": "Direction",
      "source_range": {
        "byte_start": 54,
        "byte_end": 111,
        "start": {
          "line": 5,
          "column": 0
        },
        "end": {
          "line": 10,
          "column": 1
        }
      },
      "visibility": null,
      "signature": null,
      "docstring": null
    },
    {
      "name": "Shape",
      "source_range": {
        "byte_start": 113,
        "byte_end": 159,
        "start": {
          "line": 12,
          "column": 0
        },
        "end": {
          "line": 14,
          "column": 1
        }
      },
      "visibility": "Public",
      "signature": null,
      "docstring": null
    },
    {
      "name": "Props",
      "source_range": {
        "byte_start": 28,
        "byte_end": 82,
        "start": {
          "line": 2,
          "column": 0
        },
        "end": {
          "line": 5,
          "column": 1
        }
      },
      "visibility": null,
      "signature": null,
      "docstring": null
    },
    {
      "name": "App",
      "source_range": {
        "byte_start": 281,
        "byte_end": 419,
        "start": {
          "line": 15,
          "column": 7
        },
        "end": {
          "line": 19,
          "column": 1
        }
      },
      "visibility": "Public",
      "signature": null,
      "docstring": null
    },
    {
      "name": "Shape",
      "source_range": {
        "byte_start": 0,
        "byte_end": 64,
        "start": {
          "line": 0,
          "column": 0
        },
        "end": {
          "line": 3,
          "column": 1
        }
      },
      "visibility": null,
      "signature": null,
      "docstring": null
    },
    {
      "name": "Color",
      "source_range": {
        "byte_start": 66,
        "byte_end": 121,
        "start": {
          "line": 5,
          "column": 0
        },
        "end": {
          "line": 8,
          "column": 1
        }
      },
      "visibility": null,
      "signature": null,
      "docstring": null
    },
    {
      "name": "Direction",
      "source_range": {
        "byte_start": 210,
        "byte_end": 302,
        "start": {
          "line": 17,
          "column": 0
        },
        "end": {
          "line": 22,
          "column": 1
        }
      },
      "visibility": null,
      "signature": null,
      "docstring": null
    },
    {
      "name": "Circle",
      "source_range": {
        "byte_start": 304,
        "byte_end": 534,
        "start": {
          "line": 24,
          "column": 0
        },
        "end": {
          "line": 34,
          "column": 1
        }
      },
      "visibility": null,
      "signature": null,
      "docstring": null
    }
  ],
  "objects": [
    {
      "name": "Point",
      "source_range": {
        "byte_start": 87,
        "byte_end": 114,
        "start": {
          "line": 11,
          "column": 0
        },
        "end": {
          "line": 11,
          "column": 27
        }
      },
      "visibility": null,
      "signature": null,
      "docstring": null
    },
    {
      "name": "math",
      "source_range": {
        "byte_start": 0,
        "byte_end": 101,
        "start": {
          "line": 0,
          "column": 0
        },
        "end": {
          "line": 4,
          "column": 1
        }
      },
      "visibility": null,
      "signature": null,
      "docstring": null
    },
    {
      "name": "utils",
      "source_range": {
        "byte_start": 103,
        "byte_end": 205,
        "start": {
          "line": 6,
          "column": 0
        },
        "end": {
          "line": 11,
          "column": 1
        }
      },
      "visibility": null,
      "signature": null,
      "docstring": null
    },
    {
      "name": "PI",
      "source_range": {
        "byte_start": 318,
        "byte_end": 342,
        "start": {
          "line": 28,
          "column": 0
        },
        "end": {
          "line": 28,
          "column": 24
        }
      },
      "visibility": null,
      "signature": null,
      "docstring": null
    },
    {
      "name": "MyResult",
      "source_range": {
        "byte_start": 343,
        "byte_end": 380,
        "start": {
          "line": 29,
          "column": 0
        },
        "end": {
          "line": 29,
          "column": 37
        }
      },
      "visibility": null,
      "signature": null,
      "docstring": null
    },
    {
      "name": "geometry",
      "source_range": {
        "byte_start": 381,
        "byte_end": 396,
        "start": {
          "line": 30,
          "column": 0
        },
        "end": {
          "line": 30,
          "column": 15
        }
      },
      "visibility": null,
      "signature": null,
      "docstring": null
    },
    {
      "name": "Point",
      "source_range": {
        "byte_start": 123,
        "byte_end": 170,
        "start": {
          "line": 10,
          "column": 0
        },
        "end": {
          "line": 13,
          "column": 2
        }
      },
      "visibility": null,
      "signature": null,
      "docstring": null
    },
    {
      "name": "Vector",
      "source_range": {
        "byte_start": 172,
        "byte_end": 208,
        "start": {
          "line": 15,
          "column": 0
        },
        "end": {
          "line": 15,
          "column": 36
        }
      },
      "visibility": null,
      "signature": null,
      "docstring": null
    }
  ]
}
